#-----------------------------------------------------------
# Vivado v2025.2 (64-bit)
# SW Build 6299465 on Fri Nov 14 19:35:11 GMT 2025
# IP Build 6300035 on Fri Nov 14 10:48:45 MST 2025
# SharedData Build 6298862 on Thu Nov 13 04:50:51 MST 2025
# Start of session at: Thu Apr  2 14:28:29 2026
# Process ID         : 3176
# Current directory  : C:/Users/Robert Stacy Lois II/Desktop/aes-256-gcm/wrapper2/top-level-test/top-level-test/top-level-test.runs/axis_upsizer_synth_1
# Command line       : vivado.exe -log axis_upsizer.vds -product Vivado -mode batch -messageDb vivado.pb -notrace -source axis_upsizer.tcl
# Log file           : C:/Users/Robert Stacy Lois II/Desktop/aes-256-gcm/wrapper2/top-level-test/top-level-test/top-level-test.runs/axis_upsizer_synth_1/axis_upsizer.vds
# Journal file       : C:/Users/Robert Stacy Lois II/Desktop/aes-256-gcm/wrapper2/top-level-test/top-level-test/top-level-test.runs/axis_upsizer_synth_1\vivado.jou
# Running On         : DESKTOP-E57OKA0
# Platform           : Windows Server 2016 or Windows 10
# Operating System   : 26200
# Processor Detail   : AMD Ryzen 7 3700X 8-Core Processor             
# CPU Frequency      : 3593 MHz
# CPU Physical cores : 8
# CPU Logical cores  : 16
# Host memory        : 51444 MB
# Swap memory        : 3221 MB
# Total Virtual      : 54665 MB
# Available Virtual  : 33732 MB
#-----------------------------------------------------------
source axis_upsizer.tcl -notrace
